<html>
<body>
<pre>
<h1>µVision Build Log</h1>
<h2>Tool Versions:</h2>
IDE-Version: µVision V5.35.0.0
Copyright (C) 2021 ARM Ltd and ARM Germany GmbH. All rights reserved.
License Information: alex kudasuv, nbm, LIC=NQQMA-1V6BA-CX3U6-D582J-H3ETT-5YM3N
 
Tool Versions:
Toolchain:       MDK-ARM Plus  Version: 5.35.0.2
Toolchain Path:  C:\Keil_v5\ARM\ARMCC\Bin
C Compiler:      Armcc.exe V5.06 update 7 (build 960)
Assembler:       Armasm.exe V5.06 update 7 (build 960)
Linker/Locator:  ArmLink.exe V5.06 update 7 (build 960)
Library Manager: ArmAr.exe V5.06 update 7 (build 960)
Hex Converter:   FromElf.exe V5.06 update 7 (build 960)
CPU DLL:         SARMCM3.DLL V5.35.0.2
Dialog DLL:      DCM.DLL V1.17.3.0
Target DLL:      STLink\ST-LINKIII-KEIL_SWO.dll V3.0.9.0
Dialog DLL:      TCM.DLL V1.53.0.0
 
<h2>Project:</h2>
D:\59_BSI_407_Keil\MDK-ARM\BSI_407.uvprojx
Project File Date:  01/12/2026

<h2>Output:</h2>
*** Using Compiler 'V5.06 update 7 (build 960)', folder: 'C:\Keil_v5\ARM\ARMCC\Bin'
Rebuild target 'BSI_407'
assembling startup_stm32f407xx.s...
compiling rtc.c...
compiling stm32f4xx_hal_flash_ramfunc.c...
compiling gpio.c...
compiling usart.c...
compiling i2c.c...
compiling tim.c...
compiling sdio.c...
compiling stm32f4xx_hal_msp.c...
compiling stm32f4xx_hal_timebase_tim.c...
compiling stm32f4xx_hal_rcc_ex.c...
compiling stm32f4xx_it.c...
compiling stm32f4xx_hal_flash_ex.c...
compiling stm32f4xx_hal_rcc.c...
compiling main.c...
compiling stm32f4xx_hal_flash.c...
compiling freertos.c...
compiling stm32f4xx_hal_gpio.c...
compiling stm32f4xx_hal_i2c_ex.c...
compiling stm32f4xx_hal_exti.c...
compiling stm32f4xx_hal_rtc.c...
compiling stm32f4xx_hal_cortex.c...
compiling stm32f4xx_ll_sdmmc.c...
compiling stm32f4xx_hal_rtc_ex.c...
compiling stm32f4xx_hal_dma.c...
compiling stm32f4xx_hal_pwr_ex.c...
compiling mbfuncdiag.c...
..\FreeModbusSlave\functions\mbfuncdiag.c(30): warning:  #1-D: last line of file ends without a newline
   
..\FreeModbusSlave\functions\mbfuncdiag.c: 1 warning, 0 errors
compiling stm32f4xx_hal_pwr.c...
compiling mb.c...
..\FreeModbusSlave\mb.c(64): warning:  #550-D: variable "eMBCurrentMode"  was set but never used
  static eMBMode  eMBCurrentMode;
..\FreeModbusSlave\mb.c: 1 warning, 0 errors
compiling stm32f4xx_hal_dma_ex.c...
compiling stm32f4xx_hal_sd.c...
compiling stm32f4xx_hal.c...
compiling stm32f4xx_hal_i2c.c...
compiling stm32f4xx_hal_tim.c...
compiling portserial.c...
compiling mbfuncdisc.c...
compiling mbcrc.c...
compiling stm32f4xx_hal_uart.c...
compiling porttimer.c...
compiling mbfuncholding.c...
compiling portevent.c...
compiling mbutils.c...
compiling stm32f4xx_hal_tim_ex.c...
compiling system_stm32f4xx.c...
compiling mbfuncother.c...
compiling portcritical.c...
compiling user_mb_app.c...
..\FreeModbusSlave\app\user_mb_app.c(119): warning:  #186-D: pointless comparison of unsigned integer with zero
      if( ( usAddress >= S_REG_HOLDING_START ) &&
..\FreeModbusSlave\app\user_mb_app.c: 1 warning, 0 errors
compiling mbfunccoils.c...
compiling mbfuncinput.c...
compiling croutine.c...
compiling event_groups.c...
compiling mbrtu.c...
compiling list.c...
compiling stream_buffer.c...
compiling queue.c...
compiling tasks.c...
compiling timers.c...
compiling heap_4.c...
compiling cmsis_os.c...
compiling port.c...
compiling mbfunccoils_m.c...
compiling portevent_m.c...
compiling RingBuffer.c...
compiling mbfuncholding_m.c...
compiling ModbusSettings.c...
compiling mbfuncdisc_m.c...
compiling UARTSlaveSettings.c...
compiling ModBusAddrConverter.c...
compiling portserial_m.c...
compiling FlashDriver.c...
compiling user_mb_app_m.c...
compiling mbfuncinput_m.c...
compiling mbrtu_m.c...
compiling porttimer_m.c...
compiling HoldingRegisterSlaveHandler.c...
compiling mb_m.c...
compiling bsp_driver_sd.c...
compiling bsp.c...
compiling fatfs.c...
compiling syscall.c...
compiling ff_gen_drv.c...
compiling sd_diskio.c...
compiling diskio.c...
compiling at24cm01.c...
compiling RelaySystem.c...
compiling DisplayDriver.c...
compiling ff.c...
compiling SensorLogs.c...
linking...
Program Size: Code=63424 RO-data=2208 RW-data=888 ZI-data=70584  
FromELF: creating hex file...
"BSI_407\BSI_407.axf" - 0 Error(s), 3 Warning(s).

<h2>Software Packages used:</h2>

Package Vendor: ARM
                http://www.keil.com/pack/ARM.CMSIS.5.8.0.pack
                ARM.CMSIS.5.8.0
                CMSIS (Common Microcontroller Software Interface Standard)
   * Component: CORE Version: 5.5.0

Package Vendor: Keil
                https://www.keil.com/pack/Keil.STM32F4xx_DFP.2.17.1.pack
                Keil.STM32F4xx_DFP.2.17.1
                STMicroelectronics STM32F4 Series Device Support, Drivers and Examples

<h2>Collection of Component include folders:</h2>
  .\RTE\_BSI_407
  C:\Users\Alexander\AppData\Local\Arm\Packs\ARM\CMSIS\5.8.0\CMSIS\Core\Include
  C:\Users\Alexander\AppData\Local\Arm\Packs\Keil\STM32F4xx_DFP\2.17.1\Drivers\CMSIS\Device\ST\STM32F4xx\Include

<h2>Collection of Component Files used:</h2>

   * Component: ARM::CMSIS:CORE:5.5.0
      Include file:  CMSIS\Core\Include\tz_context.h
Build Time Elapsed:  00:00:34
</pre>
</body>
</html>
